{
    "samples": [
        "c556d33ed5927039f8d1",
        "31480210b5a1b171ee38a2d6eddb40a28ba2609a01",
        "8532cc0b1b6094e938e7e9d29a035411b2ffa38dbeeee6c897",
        "ab1c32403d560696",
        "c9b5a99d59a4f9b3a61abc20bf269a73347c347582b1"
    ],
    "seed": -1520849531
}