{
    "samples": [
        {
            "by": {
                "vkey": "a3366684279c56dceb241c63a41661e0c4786be0c716484a8da9f54d01f3714b"
            },
            "event": {
                "message": {
                    "peer": {
                        "hostname": "0.0.1.220",
                        "port": 30574
                    },
                    "tag": "Connected"
                },
                "tag": "NetworkEvent"
            },
            "tag": "ProcessingEvent"
        },
        {
            "by": {
                "vkey": "6aae85a92e994b61d8a80070473515135e7b60bac706806152b3c742a0d19954"
            },
            "event": {
                "chainEvent": {
                    "contents": {
                        "tag": "OnCollectComTx"
                    },
                    "tag": "Observation"
                },
                "tag": "OnChainEvent"
            },
            "reason": {
                "contents": {
                    "reason": "Fh􌌍>q\u001bzI󹕟@d^\u0000'Aip\u0019ờH\u0004\u0007g\u0002\u001d𢄆!"
                },
                "tag": "LedgerError"
            },
            "tag": "ErrorHandlingEvent"
        },
        {
            "by": {
                "vkey": "121485a83aeb8079a615d97d72399ee01383ceafd4b2f515ee86eb4bbbc5cd19"
            },
            "effect": {
                "serverOutput": {
                    "peer": {
                        "hostname": "0.0.42.141",
                        "port": 2666
                    },
                    "tag": "PeerConnected"
                },
                "tag": "ClientEffect"
            },
            "tag": "ProcessedEffect"
        },
        {
            "by": {
                "vkey": "cd7017698f7234b61d9adf9fa1654376b0b0a9124dc5e4de75d772f7ccf45dd8"
            },
            "event": {
                "clientInput": {
                    "tag": "Fanout"
                },
                "tag": "ClientEvent"
            },
            "reason": {
                "actual": 16,
                "expected": 2,
                "tag": "InvalidSnapshot"
            },
            "tag": "ErrorHandlingEvent"
        },
        {
            "by": {
                "vkey": "f975c00a4fca4b5f24a3efff7b5f81328eec305ec1b2b36bac8d5d02869778ea"
            },
            "effect": {
                "message": {
                    "party": {
                        "vkey": "83c3cdb4873f7d1b6d2c0f338a9e20371a6dab9c665ce3b24b7244dbf52497a1"
                    },
                    "snapshotNumber": 27,
                    "tag": "ReqSn",
                    "transactions": [
                        {
                            "id": 23,
                            "inputs": [
                                -16,
                                -13,
                                9
                            ],
                            "outputs": [
                                -20,
                                -17,
                                -14,
                                -9,
                                -7,
                                -5,
                                -4,
                                -3,
                                3,
                                5,
                                16,
                                17,
                                22,
                                23,
                                25,
                                27,
                                30
                            ]
                        },
                        {
                            "id": -19,
                            "inputs": [
                                -30,
                                -23,
                                -21,
                                -20,
                                -19,
                                -18,
                                -14,
                                -13,
                                -12,
                                -3,
                                0,
                                4,
                                10,
                                12,
                                14,
                                15,
                                16,
                                22,
                                23,
                                26,
                                27
                            ],
                            "outputs": [
                                -26,
                                -20,
                                -15,
                                -11,
                                -9,
                                -7,
                                -2,
                                4,
                                9,
                                12,
                                18,
                                20,
                                23
                            ]
                        },
                        {
                            "id": 15,
                            "inputs": [
                                -30,
                                -29,
                                -27,
                                -23,
                                -22,
                                -16,
                                -14,
                                -12,
                                -10,
                                -7,
                                -6,
                                3,
                                6,
                                13
                            ],
                            "outputs": [
                                -28,
                                -25,
                                -17,
                                -16,
                                -13,
                                -12,
                                -10,
                                -5,
                                -3,
                                -2,
                                -1,
                                4,
                                11,
                                14,
                                19,
                                20,
                                25,
                                27,
                                29,
                                30
                            ]
                        },
                        {
                            "id": -6,
                            "inputs": [
                                -25,
                                -24,
                                -23,
                                -20,
                                -17,
                                -15,
                                -11,
                                -8,
                                -4,
                                -3,
                                6,
                                11,
                                12,
                                14,
                                15,
                                16,
                                19,
                                22,
                                23,
                                27
                            ],
                            "outputs": [
                                -27,
                                -25,
                                -23,
                                -21,
                                -20,
                                -18,
                                -16,
                                -11,
                                -7,
                                -6,
                                -5,
                                -3,
                                -1,
                                9,
                                11,
                                22,
                                25,
                                26,
                                30
                            ]
                        },
                        {
                            "id": 0,
                            "inputs": [
                                -25,
                                11,
                                19
                            ],
                            "outputs": [
                                5,
                                12,
                                26
                            ]
                        },
                        {
                            "id": -23,
                            "inputs": [
                                -27,
                                -23,
                                -21,
                                -19,
                                -17,
                                -16,
                                -13,
                                -12,
                                -6,
                                -3,
                                2,
                                8,
                                15,
                                16,
                                23,
                                25,
                                29
                            ],
                            "outputs": [
                                -7,
                                7,
                                21
                            ]
                        },
                        {
                            "id": -5,
                            "inputs": [
                                -24,
                                -19,
                                -2,
                                2,
                                16,
                                25,
                                26
                            ],
                            "outputs": [
                                -28,
                                -26,
                                -25,
                                -23,
                                -22,
                                -19,
                                -15,
                                -8,
                                -5,
                                -4,
                                2,
                                6,
                                12,
                                13,
                                14,
                                16,
                                19,
                                20,
                                28,
                                29
                            ]
                        }
                    ]
                },
                "tag": "NetworkEffect"
            },
            "tag": "ProcessedEffect"
        }
    ],
    "seed": 1847820252
}