{
    "samples": [
        {
            "peer": {
                "hostname": "0.0.4.59",
                "port": 2142
            },
            "tag": "Disconnected"
        },
        {
            "party": {
                "vkey": "86d2b6713d0cd0e4ef92e2ba10850ba53a8501c5fc9132287bd9945a46f9c204"
            },
            "signed": "25557f3903a1ec633298ec964dfd35fe5a80a97158a2ac50c6b708aa30a6a0f28ad012f1bb08741e9e8bc827dc1a26ea4ff1a46198dc2c474de49746c09d5601",
            "snapshotNumber": 15,
            "tag": "AckSn"
        },
        {
            "party": {
                "vkey": "fdf3c15d16bcc85eaf6349b96504da21e4197dfff255e369d656781afa9257bc"
            },
            "signed": "991be92e4ac4167610180b644f47d12bb89bace2b4388c269479e51347b8b6353d4d7caa64040c5fc5868bf0f3336c0926fe4610f0719e33df97377179c1e50f",
            "snapshotNumber": 26,
            "tag": "AckSn"
        },
        {
            "party": {
                "vkey": "28b2fb6a709cb4ca07d350a63e2265ec83af1c929fb56921abd5c4475bb84a37"
            },
            "snapshotNumber": 11,
            "tag": "ReqSn",
            "transactions": [
                {
                    "id": -12,
                    "inputs": [
                        -29,
                        -21,
                        -20,
                        -19,
                        -18,
                        -12,
                        -7,
                        -5,
                        -4,
                        -3,
                        -2,
                        -1,
                        0,
                        4,
                        7,
                        10,
                        13,
                        20,
                        28,
                        29
                    ],
                    "outputs": [
                        -22,
                        -20,
                        -10,
                        -2,
                        -1,
                        2,
                        5,
                        10,
                        11,
                        15,
                        18,
                        19,
                        22,
                        27,
                        30
                    ]
                }
            ]
        },
        {
            "peer": {
                "hostname": "0.0.74.30",
                "port": 2658
            },
            "tag": "Connected"
        }
    ],
    "seed": -1427458272
}