{
    "samples": [
        {
            "vkey": "05d57b8c75fe82eeca47365073caea7bbbdb6239140c4bb08c3e3f0c5dadec7d"
        },
        {
            "vkey": "1f67dce9713ea15fc554f5859fb27994d701f64859b0724d41bba43e0851548c"
        },
        {
            "vkey": "f94816f9e5a9d4cc06f5514abb22db4c34bb4c1dac74733ac3bc291f08e2d117"
        },
        {
            "vkey": "5f9361386b2e319f3441cd71809850fe38e126f796bf1b0ed66b11563482c2ed"
        },
        {
            "vkey": "10c73ce3c4a6cd269b38da584813aa9901c104ae6cf927ef77dc5d8b31860c32"
        }
    ],
    "seed": 1471121315
}