{
    "samples": [
        "380ccf9885b9a2d2b5f12159eb464424348995d2691901db5b2cf24031134d45",
        "40a900e4a723b97bb566400414d0b8b8bf7f9b15e951c4ced5eca55ebc36edd9",
        "5e9e5d1870d3b75c6e1c8a8fa0084e41f369448d24c721e7c1ae5a71f8ec8d89",
        "52f5d1bfd37fa0a052dbd54184c13a16604a1b85327f9fef247e504f7e0a05d2",
        "a01738e44acfd0ef4b536cf65280c958ea7ad0ab4dd072ea80a9c30a15eb5e12"
    ],
    "seed": -2041267881
}